[backblue.gif]
[fade.gif]
[index.html]
[www.gutenberg.org/gutenberg/faviconf9e3.ico]
[www.gutenberg.org/gutenberg/pg-logo-144x144.png]
[www.gutenberg.org/gutenberg/pg-logo-129x80.png]
[www.gutenberg.org/browse/scores/top.html]
[www.gutenberg.org/pics/en_US.gif]
[www.gutenberg.org/ebooks/63380.html]
[www.gutenberg.org/ebooks/63379.html]
[www.gutenberg.org/ebooks/63378.html]
[www.gutenberg.org/ebooks/63377.html]
[www.gutenberg.org/ebooks/63376.html]
[www.gutenberg.org/ebooks/63375.html]
[www.gutenberg.org/ebooks/63374.html]
[www.gutenberg.org/ebooks/63214.html]
[www.gutenberg.org/ebooks/63373.html]
[www.gutenberg.org/ebooks/63372.html]
[www.gutenberg.org/gutenberg/f_icon.png]
[www.gutenberg.org/gutenberg/t_icon.png]
[www.gutenberg.org/gutenberg/f_news_icon.png]
[www.gutenberg.org/gutenberg/t_news_icon.png]
[www.gutenberg.org/gutenberg/ibiblio-logo.png]
[www.gutenberg.org/index.html]
[www.gutenberg.org/gutenberg/stylef9e3.css]
[www.gutenberg.org/gutenberg/collapsible777d.css]
[www.gutenberg.org/gutenberg/new_navd545.css]
[www.gutenberg.org/js/lib/jquery-ui/themes/pepper-grinder/images/ui-bg_fine-grain_10_eceadf_60x60.png]
[www.gutenberg.org/js/lib/jquery-ui/themes/pepper-grinder/images/ui-bg_fine-grain_15_ffffff_60x60.png]
[www.gutenberg.org/js/lib/jquery-ui/themes/pepper-grinder/images/ui-bg_fine-grain_10_f8f7f6_60x60.png]
[www.gutenberg.org/js/lib/jquery-ui/themes/pepper-grinder/images/ui-bg_fine-grain_65_654b24_60x60.png]
[www.gutenberg.org/js/lib/jquery-ui/themes/pepper-grinder/images/ui-bg_fine-grain_15_eceadf_60x60.png]
[www.gutenberg.org/js/lib/jquery-ui/themes/pepper-grinder/images/ui-bg_fine-grain_15_f7f3de_60x60.png]
[www.gutenberg.org/js/lib/jquery-ui/themes/pepper-grinder/images/ui-bg_fine-grain_68_b83400_60x60.png]
[www.gutenberg.org/js/lib/jquery-ui/themes/pepper-grinder/images/ui-icons_222222_256x240.png]
[www.gutenberg.org/js/lib/jquery-ui/themes/pepper-grinder/images/ui-icons_b83400_256x240.png]
[www.gutenberg.org/js/lib/jquery-ui/themes/pepper-grinder/images/ui-icons_ffffff_256x240.png]
[www.gutenberg.org/js/lib/jquery-ui/themes/pepper-grinder/images/ui-icons_8c291d_256x240.png]
[www.gutenberg.org/js/lib/jquery-ui/themes/pepper-grinder/images/ui-icons_3572ac_256x240.png]
[www.gutenberg.org/js/lib/jquery-ui/themes/pepper-grinder/images/ui-icons_fbdb93_256x240.png]
[www.gutenberg.org/js/lib/jquery-ui/themes/pepper-grinder/images/ui-bg_diagonal-maze_20_6e4f1c_10x10.png]
[www.gutenberg.org/js/lib/jquery-ui/themes/pepper-grinder/images/ui-bg_diagonal-maze_40_000000_10x10.png]
[www.gutenberg.org/pics/sprite08a0.png]
[www.gutenberg.org/gutenberg/pg-desktop-one.css]
[www.gutenberg.org/about/index.html]
[www.gutenberg.org/policy/collection_development.html]
[www.gutenberg.org/about/contact_information.html]
[www.gutenberg.org/ebooks/27045.html]
[www.gutenberg.org/ebooks/27046.html]
[www.gutenberg.org/ebooks/31633.html]
[www.gutenberg.org/ebooks/36616.html]
[www.gutenberg.org/about/background/index.html]
[www.gutenberg.org/policy/permission.html]
[www.gutenberg.org/policy/privacy_policy.html]
[www.gutenberg.org/MIRRORS.ALL]
[www.gutenberg.org/dirs/GUTINDEX.ALL]
[www.gutenberg.org/policy/terms_of_use.html]
[www.gutenberg.org/browse/authors/a.html]
[www.gutenberg.org/browse/authors/c.html]
[www.gutenberg.org/browse/authors/b.html]
[www.gutenberg.org/browse/authors/d.html]
[www.gutenberg.org/browse/authors/e.html]
[www.gutenberg.org/browse/authors/f.html]
[www.gutenberg.org/browse/authors/i.html]
[www.gutenberg.org/browse/authors/g.html]
[www.gutenberg.org/browse/authors/j.html]
[www.gutenberg.org/browse/authors/h.html]
[www.gutenberg.org/browse/authors/k.html]
[www.gutenberg.org/browse/authors/n.html]
[www.gutenberg.org/browse/authors/l.html]
[www.gutenberg.org/browse/authors/o.html]
[www.gutenberg.org/browse/authors/m.html]
[www.gutenberg.org/browse/authors/p.html]
[www.gutenberg.org/browse/authors/q.html]
[www.gutenberg.org/browse/authors/r.html]
[www.gutenberg.org/browse/authors/t.html]
[www.gutenberg.org/browse/authors/u.html]
[www.gutenberg.org/browse/authors/s.html]
[www.gutenberg.org/browse/authors/v.html]
[www.gutenberg.org/browse/authors/x.html]
[www.gutenberg.org/browse/authors/w.html]
[www.gutenberg.org/browse/authors/y.html]
[www.gutenberg.org/browse/authors/z.html]
[www.gutenberg.org/browse/authors/other.html]
[www.gutenberg.org/browse/titles/b.html]
[www.gutenberg.org/browse/titles/a.html]
[www.gutenberg.org/browse/titles/c.html]
[www.gutenberg.org/browse/titles/d.html]
[www.gutenberg.org/browse/titles/e.html]
[www.gutenberg.org/browse/titles/f.html]
[www.gutenberg.org/browse/titles/g.html]
[www.gutenberg.org/browse/titles/i.html]
[www.gutenberg.org/browse/titles/j.html]
[www.gutenberg.org/browse/titles/h.html]
[www.gutenberg.org/browse/titles/k.html]
[www.gutenberg.org/browse/titles/l.html]
[www.gutenberg.org/browse/titles/n.html]
[www.gutenberg.org/browse/titles/m.html]
[www.gutenberg.org/browse/titles/o.html]
[www.gutenberg.org/browse/titles/q.html]
[www.gutenberg.org/browse/titles/r.html]
[www.gutenberg.org/browse/titles/p.html]
[www.gutenberg.org/browse/titles/u.html]
[www.gutenberg.org/browse/titles/s.html]
[www.gutenberg.org/browse/titles/t.html]
[www.gutenberg.org/browse/titles/v.html]
[www.gutenberg.org/browse/titles/w.html]
[www.gutenberg.org/browse/titles/x.html]
[www.gutenberg.org/browse/titles/y.html]
[www.gutenberg.org/browse/titles/z.html]
[www.gutenberg.org/browse/titles/other.html]
[www.gutenberg.org/browse/languages/zh.html]
[www.gutenberg.org/browse/languages/da.html]
[www.gutenberg.org/browse/languages/nl.html]
[www.gutenberg.org/browse/languages/en.html]
[www.gutenberg.org/browse/languages/eo.html]
[www.gutenberg.org/browse/languages/fi.html]
